// Jest Snapshot v1, https://goo.gl/fbAQLP

exports[`PokemonPikcture debe hacer match con el snapshot 1`] = `<div class="pokemon-container" pokemonid="1"><img class="hidden-pokemon" src="https://raw.githubusercontent.com/PokeAPI/sprites/master/sprites/pokemon/other/dream-world/undefined.svg" alt="pokemon"></div>`;
